-43
-19
I
I
-37
-59
-145
I
I
I
I
I
-118
-14
I
I
-148
I
-30
I
I
-87
I
I
I
-109
I
I
I
I
I
-116
I
I
I
-48
I
I
-137
-127
I
I
-89
-22
-124
-33
I
I
I
-12
I
-99
-33
I
-90
-34
-177
I
I
I
I
I
I
I
-32
I
-91
I
I
I
I
I
-45
I
I
I
-12
I
I
I
I
-25
I
-87
-14
I
I
I
I
I
-61
I
-106
I
I
I
I
I
I
-18
I
-24
I
I
I
I
-44
I
-32
-146
-100
-55
I
I
I
I
I
I
-20
I
I
I
I
I
I
-141
I
-114
-140
I
-15
-41
I
I
I
-95
I
-20
-22
I
I
I
I
-89
I
I
I
I
-137
I
-31
-131
I
-134
I
I
I
I
I
I
-86
I
I
I
I
-38
I
-65
I
I
-38
-39
I
-117
-41
-33
I
-22
-121
I
I
I
I
-124
-19
I
I
I
-92
I
-60
I
I
-88
I
I
I
-32
I
-23
-38
1
I
-93
-49
I
I
I
I
I
I
I
-18
I
I
-127
I
I
I
I
I
I
I
-148
I
I
-119
-127
I
I
I
I
I
I
-138
I
I
I
I
I
-23
I
I
I
I
I
I
-118
I
I
I
I
I
I
I
-138
-53
I
I
I
I
I
I
I
I
I
-139
I
I
I
I
I
-99
I
I
-12
-3
I
I
I
I
-50
I
-27
-145
-127
I
-41
I
I
I
I
I
-66
-53
-160
I
I
I
-49
I
I
-103
-66
I
I
I
I
I
I
I
I
-97
-2
I
I
I
I
I
-40
I
I
I
I
I
-47
-57
I
I
I
I
I
I
I
-23
I
I
-139
I
I
-14
-27
I
I
I
-122
I
I
I
I
-46
I
-53
I
-39
-42
I
I
I
I
-36
I
I
-86
-12
I
I
-52
I
I
-26
I
-95
I
I
-59
I
I
-16
-52
-98
I
4
-38
I
-44
I
-47
I
I
I
I
I
-14
I
I
I
-17
-42
I
-114
-44
I
-45
I
-118
-14
I
I
I
-136
-9
I
I
I
I
I
I
I
I
I
I
-71
I
I
I
I
I
I
-18
-45
I
I
-111
I
-106
-106
I
I
-125
-51
-122
-61
-90
I
I
-89
I
-114
-22
I
I
I
I
I
I
I
I
-11
I
I
I
I
-39
I
-123
I
-85
I
-12
-174
-42
I
I
-41
-44
0
I
-14
-116
I
I
I
I
I
-163
-92
-30
-39
I
I
-51
-124
-98
I
I
-102
I
I
-9
-130
I
I
I
I
I
I
I
I
I
-90
I
-137
I
-35
I
I
I
I
-38
-90
I
I
-89
I
I
-10
I
I
I
I
I
I
-95
-43
I
-18
-139
I
I
-188
I
I
-148
I
I
-44
I
-45
-14
-100
I
I
I
-145
I
I
I
I
I
I
I
I
-82
I
I
I
I
-37
I
-22
-6
I
-55
I
I
I
I
-59
-77
I
I
I
I
I
I
-51
I
I
I
I
I
I
I
-16
I
-88
-91
I
I
I
I
I
-140
-32
I
I
-134
-39
-43
I
-8
I
I
I
-39
I
I
I
I
I
I
I
I
I
I
-103
I
-157
I
I
-28
I
I
I
I
-49
-67
I
-13
I
-25
I
-137
I
I
-42
I
-23
I
-109
I
I
I
I
-41
-23
I
I
-13
-102
-52
I
I
-28
I
I
I
I
I
I
-7
-33
I
-57
-144
I
I
I
I
-80
-81
-38
I
I
I
-93
I
-55
-24
-39
I
I
-32
I
I
-76
-46
I
-40
-36
I
I
-60
-52
I
I
-13
I
I
I
I
I
I
I
I
I
I
I
-42
I
I
I
I
I
I
I
-21
-156
I
I
-31
I
-91
I
-19
I
-45
I
I
I
I
I
-18
I
I
I
I
I
-36
I
I
I
I
I
-36
-27
-27
-17
-101
I
I
-39
I
-151
I
I
I
I
I
I
-16
I
I
-7
-12
I
I
I
I
-15
-72
-26
I
-53
-8
-79
I
I
I
I
I
-57
I
-7
I
I
I
I
I
-25
-89
I
I
-69
I
I
I
-137
I
-10
-47
I
I
-84
I
-133
I
-63
-85
I
-4
I
I
-170
I
I
-128
-11
-16
I
I
I
-129
-18
I
I
-39
-48
I
I
I
I
-125
-48
I
-46
I
I
-8
I
I
I
-39
I
-4
I
-98
-59
I
I
-38
-33
I
-39
I
I
I
I
-40
-129
-50
-34
-49
I
I
I
I
-32
I
I
I
I
-41
-7
-7
-134
I
-144
I
I
I
I
I
-22
I
I
I
-126
I
I
I
I
-38
I
I
-67
-22
I
-35
I
I
-35
-74
I
I
I
I
I
-138
-36
I
I
-30
-52
I
I
-45
-49
I
I
I
-86
I
I
I
I
I
-65
-8
I
-87
I
I
I
I
I
I
I
I
I
I
-28
-12
I
-138
-39
-52
I
I
I
I
-95
-94
I
I
-16
I
-46
I
-58
-39
I
I
I
I
I
-137
-50
-19
I
-40
I
-107
I
I
-49
I
-100
I
I
I
-31
-61
-108
6
-141
I
-98
I
I
I
I
I
-31
I
-31
I
I
-99
I
I
I
-138
-13
-99
-69
-130
I
I
-161
-27
-57
-7
I
I
I
-75
I
I
-34
-24
I
-144
I
I
I
I
-30
I
-165
-54
I
I
-132
I
I
-64
-10
I
I
I
-52
I
I
I
-15
-90
-96
I
-26
I
I
I
I
I
-27
-131
I
-51
I
I
I
I
-93
-28
I
-61
I
-137
-30
I
I
I
-39
I
-16
I
I
I
I
I
I
I
I
-9
I
I
I
I
I
-49
-34
I
-141
-126
-43
-33
-55
I
-31
I
I
-37
I
I
I
I
-140
-21
-31
I
-84
-121
I
I
-7
-79
I
I
-34
-28
I
I
I
I
I
-47
I
-69
I
I
I
-91
I
I
I
-32
I
-37
I
I
I
-32
-94
I
I
I
I
-22
-63
I
I
-55
I
I
-56
I
-8
I
-47
I
I
I
-13
I
I
I
I
-96
I
I
I
I
-33
I
I
-105
I
I
-75
-117
I
I
I
I
I
I
I
I
-95
I
I
I
I
-10
-97
I
I
I
-149
-96
-122
I
I
I
-43
I
-37
I
I
I
-42
I
-155
I
-31
I
-27
-28
I
I
I
I
I
I
I
I
I
I
I
I
I
I
-135
-52
I
-63
-118
-136
-37
I
I
I
-47
-92
I
0
I
I
I
I
I
I
-100
I
I
-178
I
I
I
-36
I
I
I
I
I
I
I
-40
I
-43
I
I
-88
-36
-47
I
-38
-29
I
-102
I
I
I
I
-135
I
-86
I
-115
I
I
-59
I
I
-18
-98
-16
I
I
I
-128
-63
-140
-106
-16
-29
I
-130
I
I
I
I
I
I
I
-30
I
I
I
-36
I
I
I
-37
-50
I
I
I
I
I
I
-11
I
I
-80
-141
I
-37
I
I
I
-7
I
I
I
-88
-47
1
I
-140
I
-173
I
I
I
-86
-36
-107
I
-32
I
I
I
I
I
I
I
I
-35
I
I
I
-34
I
-15
I
-20
-30
-93
I
-61
-42
-115
I
I
I
-22
I
-33
I
I
-98
I
I
I
I
I
I
I
I
-38
I
I
-136
I
I
I
-33
I
I
I
I
-37
I
I
I
I
I
-66
I
I
I
I
-22
-115
-146
I
I
I
-94
-49
-41
I
I
-7
I
I
-156
I
-86
I
I
-91
I
I
I
I
-71
-46
-26
I
I
I
I
-38
I
I
-26
I
I
-21
I
I
I
-130
-46
I
-50
I
I
-35
I
I
I
I
I
-110
I
I
I
-56
-148
-53
I
-33
-9
I
I
-20
I
I
I
-94
-19
-54
I
I
I
I
-39
-89
I
I
-49
-28
-12
-51
-15
I
I
I
-22
I
I
-41
I
I
-22
I
I
I
I
-9
I
I
-119
I
I
I
I
I
-54
I
I
I
I
I
I
I
-147
-46
I
I
I
I
I
I
I
-39
I
-92
-147
I
-27
I
I
I
I
I
-178
I
-138
I
-96
-26
-141
I
I
-95
I
-6
I
I
-100
I
I
I
I
I
I
I
I
-44
I
I
I
I
-18
I
I
I
I
I
4
I
I
-12
I
I
I
-46
I
I
-31
-79
I
I
I
I
-144
-36
I
-65
I
I
I
I
I
I
I
I
I
I
I
-91
-34
I
-53
-152
I
I
-138
-99
-115
I
I
I
I
I
-39
I
-144
-93
I
I
-29
I
I
-68
-98
I
I
I
I
I
I
-43
I
-46
I
I
-5
-50
-9
I
I
I
I
-26
-8
I
I
-92
I
I
-95
-59
-27
I
I
I
I
-94
I
I
I
I
I
-37
-15
-45
I
-109
I
-60
I
I
I
-62
-23
I
I
I
-43
-33
I
I
I
I
-42
I
-46
-63
I
I
-2
-132
I
I
I
-91
-50
I
I
I
-30
-18
I
-17
I
-50
I
-14
I
I
-27
I
-33
-17
I
I
I
I
I
-105
I
-150
I
-49
I
-59
I
I
I
-105
I
-34
I
-68
-73
I
I
I
I
I
I
I
-82
-19
I
-168
-121
I
I
I
-3
I
I
-72
I
I
I
I
I
I
-18
-94
-43
I
I
-67
-20
I
I
I
-51
-15
I
I
-17
I
I
-13
I
I
I
-139
I
I
I
-146
I
I
I
-47
-13
-137
I
I
I
-52
I
I
I
I
I
I
I
I
-106
-134
-49
-33
-68
I
I
-88
-17
-93
I
I
I
I
-22
-107
I
-64
-112
I
-169
I
I
I
I
I
-148
-46
I
I
I
I
I
I
I
I
I
-21
I
I
I
I
I
I
I
I
I
I
I
I
I
-169
I
I
-35
-53
-66
I
I
-30
-14
I
I
I
-48
I
-154
I
I
I
I
I
I
I
I
I
I
I
I
I
I
-15
I
I
I
I
I
-93
I
I
I
I
I
I
-25
I
I
I
I
I
-40
I
-99
I
-31
I
-13
I
I
I
I
I
I
-34
-144
I
-38
I
-85
I
I
I
-25
I
I
I
I
I
I
I
I
I
I
-11
I
I
I
I
I
-142
-36
-48
I
-40
I
I
-95
-40
I
I
-104
-44
I
-48
-71
-40
I
-35
I
